2026-05-23 15:24:25,521 [INFO] Activator:176 - 


2026-05-23 15:24:25,523 [INFO] Activator:177 - !SESSION log4j initialized
2026-05-23 15:24:27,218 [INFO] LogOutputStream:77 - [STDOUT_REDIRECT] 
2026-05-23 15:24:30,277 [INFO] ApplicationProperties:184 - Using Application install path: /opt/st/stm32cubeide_1.19.0/plugins/com.st.stm32cube.common.mx_6.15.0.202507011659
2026-05-23 15:24:30,296 [INFO] DbMcusXml:78 - Set database path to: /opt/st/stm32cubeide_1.19.0/plugins/com.st.stm32cube.common.mx_6.15.0.202507011659//db//mcu/
2026-05-23 15:24:30,297 [INFO] ApiDb:274 - Set plugin database path to: /opt/st/stm32cubeide_1.19.0/plugins/com.st.stm32cube.common.mx_6.15.0.202507011659//db//plugins/boardmanager/
2026-05-23 15:24:30,297 [WARN] ApiDb:259 - Overriding images path with different value:  => /opt/st/stm32cubeide_1.19.0/plugins/com.st.stm32cube.common.mx_6.15.0.202507011659//db//plugins/mcufinder/images/
2026-05-23 15:24:30,300 [INFO] ApiDb:250 - Set database path to: /home/guido/.stmcufinder/plugins/mcufinder//mcu/
2026-05-23 15:24:30,301 [INFO] DbMcusAds:125 - Set database path to: /home/guido/.stmcufinder/plugins/mcufinder//mcu/
2026-05-23 15:24:30,303 [INFO] CrossReferenceDbSqlite:203 - Set database path to: /home/guido/.stmcufinder/plugins/mcufinder//mcu/cs/
2026-05-23 15:24:30,420 [INFO] RulesReader:64 - Compatibility file has been processed (317 Rules)
2026-05-23 15:24:30,471 [INFO] DbMcusXml:78 - Set database path to: /opt/st/stm32cubeide_1.19.0/plugins/com.st.stm32cube.common.mx_6.15.0.202507011659//db//mcu/
2026-05-23 15:24:30,471 [INFO] ApiDb:274 - Set plugin database path to: /opt/st/stm32cubeide_1.19.0/plugins/com.st.stm32cube.common.mx_6.15.0.202507011659//db//plugins/boardmanager/
2026-05-23 15:24:30,472 [INFO] ApiDb:261 - Set plugin images path to: /opt/st/stm32cubeide_1.19.0/plugins/com.st.stm32cube.common.mx_6.15.0.202507011659//db//plugins/mcufinder/images/
2026-05-23 15:24:30,472 [WARN] DbFile:41 - Overriding database path with different value: /home/guido/.stmcufinder/plugins/mcufinder/ => /home/guido/.stmcufinder/plugins/mcufinder
2026-05-23 15:24:30,472 [INFO] ApiDb:250 - Set database path to: /home/guido/.stmcufinder/plugins/mcufinder//mcu/
2026-05-23 15:24:30,472 [WARN] DbFile:41 - Overriding database path with different value: /home/guido/.stmcufinder/plugins/mcufinder/ => /home/guido/.stmcufinder/plugins/mcufinder
2026-05-23 15:24:30,472 [INFO] DbMcusAds:125 - Set database path to: /home/guido/.stmcufinder/plugins/mcufinder//mcu/
2026-05-23 15:24:30,473 [WARN] DbFile:41 - Overriding database path with different value: /home/guido/.stmcufinder/plugins/mcufinder/ => /home/guido/.stmcufinder/plugins/mcufinder
2026-05-23 15:24:30,473 [WARN] DbFile:41 - Overriding database path with different value: /home/guido/.stmcufinder/plugins/mcufinder/ => /home/guido/.stmcufinder/plugins/mcufinder
2026-05-23 15:24:30,473 [INFO] CrossReferenceDbSqlite:203 - Set database path to: /home/guido/.stmcufinder/plugins/mcufinder//mcu/cs/
2026-05-23 15:24:30,568 [INFO] MainPanel:274 - HeapMemory: 268435456
2026-05-23 15:24:30,721 [INFO] DbMcusXml:78 - Set database path to: /opt/st/stm32cubeide_1.19.0/plugins/com.st.stm32cube.common.mx_6.15.0.202507011659//db//mcu/
2026-05-23 15:24:30,721 [INFO] ApiDb:274 - Set plugin database path to: /opt/st/stm32cubeide_1.19.0/plugins/com.st.stm32cube.common.mx_6.15.0.202507011659//db//plugins/boardmanager/
2026-05-23 15:24:30,721 [INFO] ApiDb:261 - Set plugin images path to: /opt/st/stm32cubeide_1.19.0/plugins/com.st.stm32cube.common.mx_6.15.0.202507011659//db//plugins/mcufinder/images/
2026-05-23 15:24:30,722 [WARN] DbFile:41 - Overriding database path with different value: /home/guido/.stmcufinder/plugins/mcufinder/ => /home/guido/.stmcufinder/plugins/mcufinder
2026-05-23 15:24:30,722 [INFO] ApiDb:250 - Set database path to: /home/guido/.stmcufinder/plugins/mcufinder//mcu/
2026-05-23 15:24:30,722 [WARN] DbFile:41 - Overriding database path with different value: /home/guido/.stmcufinder/plugins/mcufinder/ => /home/guido/.stmcufinder/plugins/mcufinder
2026-05-23 15:24:30,722 [INFO] DbMcusAds:125 - Set database path to: /home/guido/.stmcufinder/plugins/mcufinder//mcu/
2026-05-23 15:24:30,722 [WARN] DbFile:41 - Overriding database path with different value: /home/guido/.stmcufinder/plugins/mcufinder/ => /home/guido/.stmcufinder/plugins/mcufinder
2026-05-23 15:24:30,722 [WARN] DbFile:41 - Overriding database path with different value: /home/guido/.stmcufinder/plugins/mcufinder/ => /home/guido/.stmcufinder/plugins/mcufinder
2026-05-23 15:24:30,722 [INFO] CrossReferenceDbSqlite:203 - Set database path to: /home/guido/.stmcufinder/plugins/mcufinder//mcu/cs/
2026-05-23 15:24:30,744 [INFO] ApplicationProperties:184 - Using Application install path: /opt/st/stm32cubeide_1.19.0/plugins/com.st.stm32cube.common.mx_6.15.0.202507011659
2026-05-23 15:24:30,747 [INFO] PluginManage:196 - Search for loadable plugins [exclusion list=, ]
2026-05-23 15:24:30,748 [INFO] PluginManage:310 - Check plugin analytics
2026-05-23 15:24:30,909 [INFO] AnalyticsPlugin:253 - Accepted Software Licenses: STM32CubeMX.6.17.0
2026-05-23 15:24:30,910 [INFO] AnalyticsPlugin:255 - Accepted CMSIS Pack Licenses: 
2026-05-23 15:24:30,910 [INFO] AnalyticsPlugin:257 - Accepted Firmware Licenses: FW.F4.1.28.0
2026-05-23 15:24:30,912 [INFO] PluginManage:359 - Loaded plugin analytics (category:tool,tabindex:-1)
2026-05-23 15:24:30,912 [INFO] PluginManage:310 - Check plugin cadmodel
2026-05-23 15:24:30,916 [INFO] CADModel:105 - Init CAD model plugin
2026-05-23 15:24:30,917 [INFO] PluginManage:359 - Loaded plugin cadmodel (category:power,tabindex:5)
2026-05-23 15:24:30,917 [INFO] PluginManage:310 - Check plugin clock
2026-05-23 15:24:30,926 [INFO] PluginManage:359 - Loaded plugin clock (category:base,tabindex:2)
2026-05-23 15:24:30,927 [INFO] PluginManage:310 - Check plugin ddr
2026-05-23 15:24:30,929 [INFO] PluginManage:359 - Loaded plugin ddr (category:tool,tabindex:6)
2026-05-23 15:24:30,929 [INFO] PluginManage:310 - Check plugin filemanager
2026-05-23 15:24:31,182 [INFO] PluginManage:359 - Loaded plugin filemanager (category:base,tabindex:10)
2026-05-23 15:24:31,183 [INFO] PluginManage:310 - Check plugin ipmanager
2026-05-23 15:24:31,191 [INFO] PluginManage:359 - Loaded plugin ipmanager (category:base,tabindex:5)
2026-05-23 15:24:31,192 [INFO] PluginManage:310 - Check plugin lpbam
2026-05-23 15:24:31,201 [INFO] PluginManage:359 - Loaded plugin lpbam (category:base,tabindex:0)
2026-05-23 15:24:31,201 [INFO] PluginManage:310 - Check plugin memorymap
2026-05-23 15:24:31,214 [INFO] PluginManage:359 - Loaded plugin memorymap (category:base,tabindex:4)
2026-05-23 15:24:31,215 [INFO] PluginManage:310 - Check plugin pinoutandconfiguration
2026-05-23 15:24:31,222 [INFO] PluginManage:359 - Loaded plugin pinoutandconfiguration (category:base,tabindex:1)
2026-05-23 15:24:31,223 [INFO] PluginManage:310 - Check plugin pinoutconfig
2026-05-23 15:24:31,314 [WARN] SupportedApi:132 - Cannot load RTOS API schema: s4s-elt-must-match.1: The content of 'definitions' must match (annotation?, (simpleType | complexType)?, (unique | key | keyref)*)). A problem was found starting at: attribute.
2026-05-23 15:24:31,465 [INFO] PluginManage:359 - Loaded plugin pinoutconfig (category:base,tabindex:0)
2026-05-23 15:24:31,466 [INFO] PluginManage:310 - Check plugin power
2026-05-23 15:24:31,473 [INFO] PluginManage:359 - Loaded plugin power (category:power,tabindex:4)
2026-05-23 15:24:31,473 [INFO] PluginManage:310 - Check plugin projectmanager
2026-05-23 15:24:31,494 [INFO] PluginManage:359 - Loaded plugin projectmanager (category:projectmanager,tabindex:4)
2026-05-23 15:24:31,494 [INFO] PluginManage:310 - Check plugin rif
2026-05-23 15:24:31,505 [INFO] PluginManage:359 - Loaded plugin rif (category:base,tabindex:3)
2026-05-23 15:24:31,506 [INFO] PluginManage:310 - Check plugin thirdparty
2026-05-23 15:24:31,659 [INFO] PluginManage:359 - Loaded plugin thirdparty (category:base,tabindex:-1)
2026-05-23 15:24:31,659 [WARN] IntegrityCheckThread:84 - waiting for thirdparty lock release [integrity check]
2026-05-23 15:24:31,659 [INFO] PluginManage:310 - Check plugin tools
2026-05-23 15:24:31,659 [INFO] IntegrityCheckThread:86 - entering critical section [integrity check]
2026-05-23 15:24:31,660 [INFO] ThirdPartyUpdaterWithRetryManager:70 - Updater plugin not ready yet. [1/15]
2026-05-23 15:24:31,661 [INFO] PluginManage:359 - Loaded plugin tools (category:base,tabindex:7)
2026-05-23 15:24:31,662 [INFO] PluginManage:310 - Check plugin tutovideos
2026-05-23 15:24:31,851 [INFO] PluginManage:359 - Loaded plugin tutovideos (category:base,tabindex:-1)
2026-05-23 15:24:31,851 [INFO] PluginManage:310 - Check plugin updater
2026-05-23 15:24:31,887 [INFO] PluginManage:359 - Loaded plugin updater (category:base,tabindex:12)
2026-05-23 15:24:31,887 [INFO] PluginManage:310 - Check plugin userauth
2026-05-23 15:24:31,895 [INFO] UserAuth:118 - Init User Auth plugin
2026-05-23 15:24:31,897 [INFO] PluginManage:359 - Loaded plugin userauth (category:base,tabindex:14)
2026-05-23 15:24:31,898 [INFO] PluginManage:283 - PluginManage : Loaded plugins [18]
2026-05-23 15:24:32,146 [INFO] PinOutPanel:1589 - setPackage(No Configuration,No Configuration)
2026-05-23 15:24:32,233 [INFO] CADModel:165 - CPN selected for project level
2026-05-23 15:24:32,233 [INFO] CADModel:114 - Register for checkConnection events
2026-05-23 15:24:32,258 [INFO] IPUIPlugin:80 - create IPUIPlugin
2026-05-23 15:24:32,258 [INFO] PluginManager:220 - loadIPPluginJar : add adc
2026-05-23 15:24:32,264 [INFO] IPUIPlugin:80 - create IPUIPlugin
2026-05-23 15:24:32,265 [INFO] PluginManager:220 - loadIPPluginJar : add aes
2026-05-23 15:24:32,269 [INFO] IPUIPlugin:80 - create IPUIPlugin
2026-05-23 15:24:32,269 [INFO] PluginManager:220 - loadIPPluginJar : add can
2026-05-23 15:24:32,271 [INFO] IPUIPlugin:80 - create IPUIPlugin
2026-05-23 15:24:32,271 [INFO] PluginManager:220 - loadIPPluginJar : add comp
2026-05-23 15:24:32,273 [INFO] IPUIPlugin:80 - create IPUIPlugin
2026-05-23 15:24:32,273 [INFO] PluginManager:220 - loadIPPluginJar : add cryp
2026-05-23 15:24:32,276 [INFO] IPUIPlugin:80 - create IPUIPlugin
2026-05-23 15:24:32,276 [INFO] PluginManager:220 - loadIPPluginJar : add ddr_ctrl_phy
2026-05-23 15:24:32,279 [INFO] IPUIPlugin:80 - create IPUIPlugin
2026-05-23 15:24:32,279 [INFO] PluginManager:220 - loadIPPluginJar : add dfsdm
2026-05-23 15:24:32,284 [INFO] IPUIPlugin:80 - create IPUIPlugin
2026-05-23 15:24:32,285 [INFO] PluginManager:220 - loadIPPluginJar : add dma
2026-05-23 15:24:32,288 [INFO] IPUIPlugin:80 - create IPUIPlugin
2026-05-23 15:24:32,289 [INFO] PluginManager:220 - loadIPPluginJar : add dma3
2026-05-23 15:24:32,292 [INFO] IPUIPlugin:80 - create IPUIPlugin
2026-05-23 15:24:32,292 [INFO] PluginManager:220 - loadIPPluginJar : add extmemmanager
2026-05-23 15:24:32,294 [INFO] IPUIPlugin:80 - create IPUIPlugin
2026-05-23 15:24:32,294 [INFO] PluginManager:220 - loadIPPluginJar : add fatfs
2026-05-23 15:24:32,300 [INFO] IPUIPlugin:80 - create IPUIPlugin
2026-05-23 15:24:32,301 [INFO] PluginManager:220 - loadIPPluginJar : add fmc
2026-05-23 15:24:32,306 [INFO] IPUIPlugin:80 - create IPUIPlugin
2026-05-23 15:24:32,306 [INFO] PluginManager:220 - loadIPPluginJar : add freertos
2026-05-23 15:24:32,307 [INFO] IPUIPlugin:80 - create IPUIPlugin
2026-05-23 15:24:32,308 [INFO] PluginManager:220 - loadIPPluginJar : add genericplugin
2026-05-23 15:24:32,310 [INFO] IPUIPlugin:80 - create IPUIPlugin
2026-05-23 15:24:32,311 [INFO] PluginManager:220 - loadIPPluginJar : add gfxmmu
2026-05-23 15:24:32,319 [INFO] IPUIPlugin:80 - create IPUIPlugin
2026-05-23 15:24:32,320 [INFO] PluginManager:220 - loadIPPluginJar : add gic
2026-05-23 15:24:32,327 [INFO] IPUIPlugin:80 - create IPUIPlugin
2026-05-23 15:24:32,328 [INFO] PluginManager:220 - loadIPPluginJar : add gpio
2026-05-23 15:24:32,333 [INFO] IPUIPlugin:80 - create IPUIPlugin
2026-05-23 15:24:32,334 [INFO] PluginManager:220 - loadIPPluginJar : add gtzc
2026-05-23 15:24:32,338 [INFO] IPUIPlugin:80 - create IPUIPlugin
2026-05-23 15:24:32,339 [INFO] PluginManager:220 - loadIPPluginJar : add hash
2026-05-23 15:24:32,343 [INFO] IPUIPlugin:80 - create IPUIPlugin
2026-05-23 15:24:32,343 [INFO] PluginManager:220 - loadIPPluginJar : add i2c
2026-05-23 15:24:32,347 [INFO] IPUIPlugin:80 - create IPUIPlugin
2026-05-23 15:24:32,347 [INFO] PluginManager:220 - loadIPPluginJar : add i2s
2026-05-23 15:24:32,350 [INFO] IPUIPlugin:80 - create IPUIPlugin
2026-05-23 15:24:32,351 [INFO] PluginManager:220 - loadIPPluginJar : add i3c
2026-05-23 15:24:32,358 [INFO] IPUIPlugin:80 - create IPUIPlugin
2026-05-23 15:24:32,359 [INFO] PluginManager:220 - loadIPPluginJar : add ipddr
2026-05-23 15:24:32,369 [INFO] IPUIPlugin:80 - create IPUIPlugin
2026-05-23 15:24:32,369 [INFO] PluginManager:220 - loadIPPluginJar : add linkedlist
2026-05-23 15:24:32,372 [INFO] IPUIPlugin:80 - create IPUIPlugin
2026-05-23 15:24:32,373 [INFO] PluginManager:220 - loadIPPluginJar : add lorawan
2026-05-23 15:24:32,374 [INFO] IPUIPlugin:80 - create IPUIPlugin
2026-05-23 15:24:32,374 [INFO] PluginManager:220 - loadIPPluginJar : add ltdc
2026-05-23 15:24:32,379 [INFO] IPUIPlugin:80 - create IPUIPlugin
2026-05-23 15:24:32,380 [INFO] PluginManager:220 - loadIPPluginJar : add mdma
2026-05-23 15:24:32,383 [INFO] IPUIPlugin:80 - create IPUIPlugin
2026-05-23 15:24:32,383 [INFO] PluginManager:220 - loadIPPluginJar : add nvic
2026-05-23 15:24:32,387 [INFO] IPUIPlugin:80 - create IPUIPlugin
2026-05-23 15:24:32,387 [INFO] PluginManager:220 - loadIPPluginJar : add opamp
2026-05-23 15:24:32,390 [INFO] IPUIPlugin:80 - create IPUIPlugin
2026-05-23 15:24:32,390 [INFO] PluginManager:220 - loadIPPluginJar : add openamp
2026-05-23 15:24:32,396 [INFO] IPUIPlugin:80 - create IPUIPlugin
2026-05-23 15:24:32,396 [INFO] PluginManager:220 - loadIPPluginJar : add pdm2pcm
2026-05-23 15:24:32,402 [INFO] IPUIPlugin:80 - create IPUIPlugin
2026-05-23 15:24:32,405 [INFO] PluginManager:220 - loadIPPluginJar : add plateformsettings
2026-05-23 15:24:32,407 [INFO] IPUIPlugin:80 - create IPUIPlugin
2026-05-23 15:24:32,407 [INFO] PluginManager:220 - loadIPPluginJar : add quadspi
2026-05-23 15:24:32,410 [INFO] IPUIPlugin:80 - create IPUIPlugin
2026-05-23 15:24:32,411 [INFO] PluginManager:220 - loadIPPluginJar : add radio
2026-05-23 15:24:32,413 [INFO] IPUIPlugin:80 - create IPUIPlugin
2026-05-23 15:24:32,413 [INFO] PluginManager:220 - loadIPPluginJar : add resmgrutility
2026-05-23 15:24:32,416 [INFO] IPUIPlugin:80 - create IPUIPlugin
2026-05-23 15:24:32,416 [INFO] PluginManager:220 - loadIPPluginJar : add sai
2026-05-23 15:24:32,418 [INFO] IPUIPlugin:80 - create IPUIPlugin
2026-05-23 15:24:32,418 [INFO] PluginManager:220 - loadIPPluginJar : add spi
2026-05-23 15:24:32,426 [INFO] IPUIPlugin:80 - create IPUIPlugin
2026-05-23 15:24:32,427 [INFO] PluginManager:220 - loadIPPluginJar : add stm32_wpan
2026-05-23 15:24:32,430 [INFO] IPUIPlugin:80 - create IPUIPlugin
2026-05-23 15:24:32,430 [INFO] PluginManager:220 - loadIPPluginJar : add tim
2026-05-23 15:24:32,434 [INFO] IPUIPlugin:80 - create IPUIPlugin
2026-05-23 15:24:32,434 [INFO] PluginManager:220 - loadIPPluginJar : add touchsensing
2026-05-23 15:24:32,436 [INFO] IPUIPlugin:80 - create IPUIPlugin
2026-05-23 15:24:32,437 [INFO] PluginManager:220 - loadIPPluginJar : add tracer_emb
2026-05-23 15:24:32,439 [INFO] IPUIPlugin:80 - create IPUIPlugin
2026-05-23 15:24:32,439 [INFO] PluginManager:220 - loadIPPluginJar : add ts
2026-05-23 15:24:32,440 [INFO] IPUIPlugin:80 - create IPUIPlugin
2026-05-23 15:24:32,440 [INFO] PluginManager:220 - loadIPPluginJar : add tsc
2026-05-23 15:24:32,442 [INFO] IPUIPlugin:80 - create IPUIPlugin
2026-05-23 15:24:32,442 [INFO] PluginManager:220 - loadIPPluginJar : add ucpd
2026-05-23 15:24:32,445 [INFO] IPUIPlugin:80 - create IPUIPlugin
2026-05-23 15:24:32,446 [INFO] PluginManager:220 - loadIPPluginJar : add usart
2026-05-23 15:24:32,448 [INFO] IPUIPlugin:80 - create IPUIPlugin
2026-05-23 15:24:32,448 [INFO] PluginManager:220 - loadIPPluginJar : add usbx
2026-05-23 15:24:32,564 [FATAL] Updater:351 - Updater called before beeing initialized
2026-05-23 15:24:32,596 [INFO] RulesReader:64 - Compatibility file has been processed (317 Rules)
2026-05-23 15:24:32,609 [INFO] RulesReader:64 - Compatibility file has been processed (317 Rules)
2026-05-23 15:24:32,619 [INFO] CADModel:165 - CPN selected for project level
2026-05-23 15:24:32,619 [INFO] CADModel:114 - Register for checkConnection events
2026-05-23 15:24:32,619 [FATAL] Updater:351 - Updater called before beeing initialized
2026-05-23 15:24:32,620 [ERROR] CADModel:125 - Updater not yet initialized, retry later 
2026-05-23 15:24:32,748 [FATAL] Updater:351 - Updater called before beeing initialized
2026-05-23 15:24:32,750 [INFO] CADModel:165 - CPN selected for project level
2026-05-23 15:24:32,751 [INFO] CADModel:114 - Register for checkConnection events
2026-05-23 15:24:32,751 [FATAL] Updater:351 - Updater called before beeing initialized
2026-05-23 15:24:32,751 [ERROR] CADModel:125 - Updater not yet initialized, retry later 
2026-05-23 15:24:32,756 [FATAL] Updater:351 - Updater called before beeing initialized
2026-05-23 15:24:33,060 [FATAL] Updater:351 - Updater called before beeing initialized
2026-05-23 15:24:33,069 [INFO] DbMcusAds:53 - JSON generation date=Mon Apr 27 05:14:29 ART 2026 (1777277669577)
2026-05-23 15:24:33,070 [FATAL] Updater:351 - Updater called before beeing initialized
2026-05-23 15:24:33,118 [WARN] DetailPanel:346 - Failed to get advertising image, set to default
2026-05-23 15:24:33,214 [FATAL] Updater:351 - Updater called before beeing initialized
2026-05-23 15:24:33,218 [FATAL] Updater:351 - Updater called before beeing initialized
2026-05-23 15:24:33,219 [FATAL] Updater:351 - Updater called before beeing initialized
2026-05-23 15:24:33,220 [WARN] DetailPanel:346 - Failed to get advertising image, set to default
2026-05-23 15:24:33,223 [FATAL] Updater:351 - Updater called before beeing initialized
2026-05-23 15:24:33,282 [ERROR] Updater:1198 - MainUpdater not yet initialized. External WinMGr cannot be set.
2026-05-23 15:24:33,285 [INFO] Updater:1134 - Updater Version found : 6.15.0
2026-05-23 15:24:33,316 [INFO] ApplicationProperties:184 - Using Application install path: /opt/st/stm32cubeide_1.19.0/plugins/com.st.stm32cube.common.mx_6.15.0.202507011659
2026-05-23 15:24:33,750 [INFO] MainUpdater:2872 - connection check result : 10
2026-05-23 15:24:33,752 [INFO] MainUpdater:289 - Updater Check For Update Now.
2026-05-23 15:24:33,752 [INFO] MicroXplorer:498 - Change Database Version : DB.6.0.150
2026-05-23 15:24:33,758 [INFO] McuFinderGlobals:63 - Set McuFinder mode to 2 (CubeIDE integrated)
2026-05-23 15:24:33,759 [INFO] UserAuth:487 - Internet connection configuration mode: 1
2026-05-23 15:24:33,772 [INFO] JxBrowserEngine:152 - Initiate JxBrowser Engine with user profile folder
2026-05-23 15:24:33,949 [INFO] CheckServerUpdateThread:120 - End of CheckServer Thread
2026-05-23 15:24:34,389 [INFO] WebApp:169 - Instantiating new browser for Auth
2026-05-23 15:24:34,826 [WARN] PackLoader:240 - Cannot read IP mode file for STMicroelectronics.X-CUBE-AZRTOS-H7.3.5.0
2026-05-23 15:24:34,844 [WARN] PackLoader:240 - Cannot read IP mode file for STMicroelectronics.FP-ATR-ASTRA1.2.0.2
2026-05-23 15:24:34,851 [WARN] PackLoader:240 - Cannot read IP mode file for STMicroelectronics.X-CUBE-SMBUS.2.1.0
2026-05-23 15:24:34,873 [WARN] PackLoader:240 - Cannot read IP mode file for STMicroelectronics.X-CUBE-AZRTOS-F7.1.1.0
2026-05-23 15:24:34,889 [WARN] PackLoader:240 - Cannot read IP mode file for WES.I-CUBE-Cesium.1.4.0
2026-05-23 15:24:34,896 [WARN] PackLoader:240 - Cannot read IP mode file for STMicroelectronics.X-CUBE-DISPLAY.3.0.0
2026-05-23 15:24:34,907 [WARN] PackLoader:240 - Cannot read IP mode file for STMicroelectronics.X-CUBE-GNSS1.7.1.1
2026-05-23 15:24:34,913 [WARN] PackLoader:240 - Cannot read IP mode file for STMicroelectronics.X-CUBE-NFC10.1.0.0
2026-05-23 15:24:34,919 [WARN] PackLoader:240 - Cannot read IP mode file for STMicroelectronics.X-CUBE-ST60.1.1.0
2026-05-23 15:24:34,924 [WARN] PackLoader:240 - Cannot read IP mode file for emotas.I-CUBE-CANOPEN.1.3.0
2026-05-23 15:24:34,931 [WARN] PackLoader:240 - Cannot read IP mode file for STMicroelectronics.X-CUBE-GNSS1.7.1.0
2026-05-23 15:24:34,938 [WARN] PackLoader:240 - Cannot read IP mode file for STMicroelectronics.FP-SNS-SMARTAG2.1.2.0
2026-05-23 15:24:34,943 [WARN] PackLoader:240 - Cannot read IP mode file for STMicroelectronics.FP-SNS-FLIGHT1.5.1.0
2026-05-23 15:24:34,951 [INFO] LogOutputStream:77 - [STDOUT_REDIRECT] 1 : Invalid condition id : UX_CORESTACK_Condition cause : null
2026-05-23 15:24:34,952 [INFO] LogOutputStream:77 - [STDOUT_REDIRECT] 1 : Invalid condition id : UX_CORESTACK_Condition cause : null
2026-05-23 15:24:34,952 [INFO] LogOutputStream:77 - [STDOUT_REDIRECT] 1 : Invalid condition id : UX_CORESTACK_Condition cause : null
2026-05-23 15:24:34,953 [INFO] LogOutputStream:77 - [STDOUT_REDIRECT] 1 : Invalid condition id : UX_CORESTACK_Condition cause : null
2026-05-23 15:24:34,953 [INFO] LogOutputStream:77 - [STDOUT_REDIRECT] 1 : Invalid condition id : UX_CORESTACK_Condition cause : null
2026-05-23 15:24:34,956 [WARN] PackLoader:240 - Cannot read IP mode file for STMicroelectronics.X-CUBE-AZRTOS-WL.2.0.0
2026-05-23 15:24:34,974 [WARN] PackLoader:240 - Cannot read IP mode file for STMicroelectronics.X-CUBE-AZRTOS-H7RS.1.2.0
2026-05-23 15:24:34,981 [WARN] PackLoader:240 - Cannot read IP mode file for STMicroelectronics.X-CUBE-BLE2.3.3.0
2026-05-23 15:24:35,018 [WARN] PackLoader:240 - Cannot read IP mode file for Infineon.AIROC-Wi-Fi-Bluetooth-STM32.1.8.0
2026-05-23 15:24:35,027 [WARN] PackLoader:240 - Cannot read IP mode file for STMicroelectronics.X-CUBE-NFC9.1.0.0
2026-05-23 15:24:35,034 [WARN] PackLoader:240 - Cannot read IP mode file for STMicroelectronics.X-CUBE-BLE1.7.1.0
2026-05-23 15:24:35,046 [WARN] PackLoader:240 - Cannot read IP mode file for wolfSSL.I-CUBE-wolfMQTT.1.19.2
2026-05-23 15:24:35,051 [WARN] PackLoader:240 - Cannot read IP mode file for STMicroelectronics.X-CUBE-EEPRMA1.5.2.0
2026-05-23 15:24:35,056 [WARN] PackLoader:240 - Cannot read IP mode file for wolfSSL.I-CUBE-wolfSSL.5.8.4
2026-05-23 15:24:35,062 [WARN] PackLoader:240 - Cannot read IP mode file for STMicroelectronics.FP-SNS-STAIOTCFT.1.1.0
2026-05-23 15:24:35,098 [WARN] PackLoader:240 - Cannot read IP mode file for STMicroelectronics.X-CUBE-MEMS1.12.0.0
2026-05-23 15:24:35,138 [INFO] WebApp:463 - Apply proxy settings
2026-05-23 15:24:35,139 [INFO] WebApp:548 - Chromium requires no authentication
2026-05-23 15:24:35,147 [INFO] WebApp:491 - Direct internet connection detected
2026-05-23 15:24:35,165 [INFO] WebApp:900 - Register for checkConnection events
2026-05-23 15:24:35,166 [INFO] WebApp:463 - Apply proxy settings
2026-05-23 15:24:35,166 [INFO] WebApp:548 - Chromium requires no authentication
2026-05-23 15:24:35,167 [INFO] WebApp:491 - Direct internet connection detected
2026-05-23 15:24:35,186 [WARN] PackLoader:240 - Cannot read IP mode file for STMicroelectronics.X-CUBE-AZRTOS-G0.1.1.0
2026-05-23 15:24:35,191 [WARN] PackLoader:240 - Cannot read IP mode file for STMicroelectronics.X-CUBE-NFC4.3.0.0
2026-05-23 15:24:35,197 [WARN] PackLoader:240 - Cannot read IP mode file for EmbeddedOffice.I-CUBE-FS-RTOS.1.0.1
2026-05-23 15:24:35,201 [WARN] PackLoader:240 - Cannot read IP mode file for wolfSSL.I-CUBE-wolfTPM.3.8.0
2026-05-23 15:24:35,205 [WARN] PackLoader:240 - Cannot read IP mode file for STMicroelectronics.X-CUBE-TCPP.4.2.0
2026-05-23 15:24:35,209 [WARN] PackLoader:240 - Cannot read IP mode file for RealThread.X-CUBE-RT-Thread_Nano.4.1.1
2026-05-23 15:24:35,212 [WARN] PackLoader:240 - Cannot read IP mode file for STMicroelectronics.FP-ATR-SIGFOX1.3.2.0
2026-05-23 15:24:35,215 [WARN] PackLoader:240 - Cannot read IP mode file for STMicroelectronics.X-CUBE-FREERTOS.1.5.0
2026-05-23 15:24:35,218 [WARN] PackLoader:240 - Cannot read IP mode file for ITTIA_DB.I-CUBE-ITTIADB.8.9.0
2026-05-23 15:24:35,220 [WARN] PackLoader:240 - Cannot read IP mode file for Cesanta.I-CUBE-Mongoose.7.21.0
2026-05-23 15:24:35,225 [WARN] PackLoader:240 - Cannot read IP mode file for STMicroelectronics.X-CUBE-NFC6.3.2.0
2026-05-23 15:24:35,273 [WARN] PackLoader:240 - Cannot read IP mode file for STMicroelectronics.X-CUBE-MEMS1.12.1.0
2026-05-23 15:24:35,362 [INFO] WebApp:225 - Starting web application
2026-05-23 15:24:35,363 [INFO] WebApp:593 - Web application path used /opt/st/stm32cubeide_1.19.0/plugins/com.st.stm32cube.common.mx_6.15.0.202507011659/db/plugins/mcufinder/reactClient1/index.html
2026-05-23 15:24:35,404 [WARN] PackLoader:240 - Cannot read IP mode file for SEGGER.I-CUBE-embOS.1.3.1
2026-05-23 15:24:35,447 [WARN] PackLoader:240 - Cannot read IP mode file for STMicroelectronics.X-CUBE-ALGOBUILD.1.4.0
2026-05-23 15:24:35,450 [WARN] PackLoader:240 - Cannot read IP mode file for STMicroelectronics.X-CUBE-PM33A1.1.0.0
2026-05-23 15:24:35,465 [WARN] PackLoader:240 - Cannot read IP mode file for STMicroelectronics.X-CUBE-AZRTOS-F4.1.1.0
2026-05-23 15:24:35,478 [WARN] PackLoader:240 - Cannot read IP mode file for STMicroelectronics.X-CUBE-ISPU.2.1.0
2026-05-23 15:24:35,490 [WARN] PackLoader:240 - Cannot read IP mode file for STMicroelectronics.X-CUBE-IPS.3.2.0
2026-05-23 15:24:35,499 [INFO] UserAuth:487 - Internet connection configuration mode: 1
2026-05-23 15:24:35,499 [WARN] PackLoader:240 - Cannot read IP mode file for STMicroelectronics.eDS-WB_DPC_TT-BIDIR.2.1.1
2026-05-23 15:24:35,505 [WARN] PackLoader:240 - Cannot read IP mode file for STMicroelectronics.X-CUBE-NFC12.1.0.0
2026-05-23 15:24:35,518 [WARN] PackLoader:240 - Cannot read IP mode file for STMicroelectronics.X-CUBE-AZRTOS-L5.2.0.0
2026-05-23 15:24:35,528 [WARN] PackLoader:240 - Cannot read IP mode file for STMicroelectronics.X-CUBE-ALGOBUILD.1.5.0
2026-05-23 15:24:35,532 [WARN] PackLoader:240 - Cannot read IP mode file for STMicroelectronics.eDS-WB_DPC_VIENNA.1.2.0
2026-05-23 15:24:35,534 [WARN] PackLoader:240 - Cannot read IP mode file for STMicroelectronics.eDS-WB_DPC_3PH2L-BIDIR.1.1.1
2026-05-23 15:24:35,538 [ERROR] Engine:466 - /home/guido/.stm32cubemx/thirdparties/pdsc/STMicroelectronics.X-CUBE-ST67W61.1.3.0.pdsc: PDSC version is not supported
2026-05-23 15:24:35,542 [WARN] PackLoader:240 - Cannot read IP mode file for STMicroelectronics.X-CUBE-TOUCHGFX.4.26.1
2026-05-23 15:24:35,546 [WARN] PackLoader:240 - Cannot read IP mode file for STMicroelectronics.FP-SNS-STAIOTCFT.1.0.0
2026-05-23 15:24:35,550 [WARN] PackLoader:240 - Cannot read IP mode file for STMicroelectronics.X-CUBE-DPower.1.3.0
2026-05-23 15:24:35,568 [WARN] ConditionMgr:438 - getConditionDescription Invalid condition id : LAN8742 Phy interface Condition cause : null
2026-05-23 15:24:35,569 [WARN] PackLoader:240 - Cannot read IP mode file for STMicroelectronics.X-CUBE-AZRTOS-L4.2.0.0
2026-05-23 15:24:35,571 [WARN] ConditionMgr:1044 - genDependencies : Invalid condition id : LAN8742 Phy interface Condition cause : null
2026-05-23 15:24:35,572 [WARN] ConditionMgr:1044 - genDependencies : Invalid condition id : LAN8742 Phy interface Condition cause : null
2026-05-23 15:24:35,573 [WARN] ConditionMgr:1044 - genDependencies : Invalid condition id : LAN8742 Phy interface Condition cause : null
2026-05-23 15:24:35,581 [WARN] PackLoader:240 - Cannot read IP mode file for STMicroelectronics.X-CUBE-SFXS2LP1.4.0.0
2026-05-23 15:24:35,588 [WARN] PackLoader:240 - Cannot read IP mode file for STMicroelectronics.X-CUBE-WB05N.2.1.0
2026-05-23 15:24:35,594 [WARN] PackLoader:240 - Cannot read IP mode file for STMicroelectronics.X-CUBE-ST67W61.1.2.0
2026-05-23 15:24:35,603 [WARN] ConditionMgr:438 - getConditionDescription Invalid condition id : UX DEVICE CLASS RTOS Condition cause : null
2026-05-23 15:24:35,603 [WARN] ConditionMgr:438 - getConditionDescription Invalid condition id : UX DEVICE CLASS RTOS Condition cause : null
2026-05-23 15:24:35,605 [WARN] PackLoader:240 - Cannot read IP mode file for STMicroelectronics.X-CUBE-AZRTOS-WB.2.0.0
2026-05-23 15:24:35,605 [WARN] ConditionMgr:1044 - genDependencies : Invalid condition id : UX DEVICE CLASS RTOS Condition cause : null
2026-05-23 15:24:35,606 [WARN] ConditionMgr:1044 - genDependencies : Invalid condition id : UX DEVICE CLASS RTOS Condition cause : null
2026-05-23 15:24:35,606 [WARN] ConditionMgr:1044 - genDependencies : Invalid condition id : UX DEVICE CLASS RTOS Condition cause : null
2026-05-23 15:24:35,606 [WARN] ConditionMgr:1044 - genDependencies : Invalid condition id : UX DEVICE CLASS RTOS Condition cause : null
2026-05-23 15:24:35,607 [WARN] ConditionMgr:1044 - genDependencies : Invalid condition id : UX DEVICE CLASS RTOS Condition cause : null
2026-05-23 15:24:35,610 [WARN] ConditionMgr:438 - getConditionDescription Invalid condition id : Cortex-A Device cause : null
2026-05-23 15:24:35,619 [WARN] ConditionMgr:1044 - genDependencies : Invalid condition id : Cortex-A Device cause : null
2026-05-23 15:24:35,619 [WARN] ConditionMgr:1044 - genDependencies : Invalid condition id : Cortex-A Device cause : null
2026-05-23 15:24:35,619 [WARN] ConditionMgr:1044 - genDependencies : Invalid condition id : Cortex-A Device cause : null
2026-05-23 15:24:35,625 [WARN] PackLoader:240 - Cannot read IP mode file for STMicroelectronics.X-CUBE-STSE01.2.0.0
2026-05-23 15:24:35,635 [WARN] PackLoader:240 - Cannot read IP mode file for STMicroelectronics.X-CUBE-SUBG2.5.0.0
2026-05-23 15:24:35,650 [WARN] PackLoader:240 - Cannot read IP mode file for STMicroelectronics.X-CUBE-AZRTOS-G4.2.0.0
2026-05-23 15:24:35,656 [WARN] PackLoader:240 - Cannot read IP mode file for wolfSSL.I-CUBE-wolfSSH.1.4.20
2026-05-23 15:24:35,659 [WARN] PackLoader:240 - Cannot read IP mode file for STMicroelectronics.X-CUBE-NFC7.2.0.0
2026-05-23 15:24:35,664 [WARN] PackLoader:240 - Cannot read IP mode file for STMicroelectronics.X-CUBE-ALS.1.0.2
2026-05-23 15:24:35,670 [INFO] WebApp:191 - Connection restablished
2026-05-23 15:24:35,673 [WARN] PackLoader:240 - Cannot read IP mode file for STMicroelectronics.X-CUBE-TOF1.3.4.3
2026-05-23 15:24:35,682 [INFO] ThirdParty:978 - Integrity check success = true
2026-05-23 15:24:35,682 [INFO] IntegrityCheckThread:100 - exiting critical section [integrity check]
2026-05-23 15:24:35,682 [INFO] IntegrityCheckThread:103 - End integrity checks thread
2026-05-23 15:24:56,764 [ERROR] LogOutputStream:75 - [STDERR_REDIRECT] May 23, 2026 3:24:56 PM java.util.prefs.FileSystemPreferences checkLockFile0ErrorCode
2026-05-23 15:24:56,765 [ERROR] LogOutputStream:75 - [STDERR_REDIRECT] WARNING: Could not lock System prefs. Unix error code 2.
2026-05-23 15:24:56,765 [ERROR] LogOutputStream:75 - [STDERR_REDIRECT] 
2026-05-23 15:24:56,765 [ERROR] LogOutputStream:75 - [STDERR_REDIRECT] May 23, 2026 3:24:56 PM java.util.prefs.FileSystemPreferences syncWorld
2026-05-23 15:24:56,765 [ERROR] LogOutputStream:75 - [STDERR_REDIRECT] WARNING: Couldn't flush system prefs: java.util.prefs.BackingStoreException: Couldn't get file lock.
2026-05-23 15:24:56,765 [ERROR] LogOutputStream:75 - [STDERR_REDIRECT] 
2026-05-23 15:25:26,755 [ERROR] LogOutputStream:75 - [STDERR_REDIRECT] May 23, 2026 3:25:26 PM java.util.prefs.FileSystemPreferences checkLockFile0ErrorCode
2026-05-23 15:25:26,756 [ERROR] LogOutputStream:75 - [STDERR_REDIRECT] WARNING: Could not lock System prefs. Unix error code 2.
2026-05-23 15:25:26,757 [ERROR] LogOutputStream:75 - [STDERR_REDIRECT] 
2026-05-23 15:25:26,759 [ERROR] LogOutputStream:75 - [STDERR_REDIRECT] May 23, 2026 3:25:26 PM java.util.prefs.FileSystemPreferences syncWorld
2026-05-23 15:25:26,760 [ERROR] LogOutputStream:75 - [STDERR_REDIRECT] WARNING: Couldn't flush system prefs: java.util.prefs.BackingStoreException: Couldn't get file lock.
2026-05-23 15:25:26,760 [ERROR] LogOutputStream:75 - [STDERR_REDIRECT] 
2026-05-23 15:25:56,755 [ERROR] LogOutputStream:75 - [STDERR_REDIRECT] May 23, 2026 3:25:56 PM java.util.prefs.FileSystemPreferences checkLockFile0ErrorCode
2026-05-23 15:25:56,755 [ERROR] LogOutputStream:75 - [STDERR_REDIRECT] WARNING: Could not lock System prefs. Unix error code 2.
2026-05-23 15:25:56,755 [ERROR] LogOutputStream:75 - [STDERR_REDIRECT] 
2026-05-23 15:25:56,756 [ERROR] LogOutputStream:75 - [STDERR_REDIRECT] May 23, 2026 3:25:56 PM java.util.prefs.FileSystemPreferences syncWorld
2026-05-23 15:25:56,756 [ERROR] LogOutputStream:75 - [STDERR_REDIRECT] WARNING: Couldn't flush system prefs: java.util.prefs.BackingStoreException: Couldn't get file lock.
2026-05-23 15:25:56,756 [ERROR] LogOutputStream:75 - [STDERR_REDIRECT] 
2026-05-23 15:26:26,756 [ERROR] LogOutputStream:75 - [STDERR_REDIRECT] May 23, 2026 3:26:26 PM java.util.prefs.FileSystemPreferences checkLockFile0ErrorCode
2026-05-23 15:26:26,756 [ERROR] LogOutputStream:75 - [STDERR_REDIRECT] WARNING: Could not lock System prefs. Unix error code 2.
2026-05-23 15:26:26,756 [ERROR] LogOutputStream:75 - [STDERR_REDIRECT] 
2026-05-23 15:26:26,757 [ERROR] LogOutputStream:75 - [STDERR_REDIRECT] May 23, 2026 3:26:26 PM java.util.prefs.FileSystemPreferences syncWorld
2026-05-23 15:26:26,757 [ERROR] LogOutputStream:75 - [STDERR_REDIRECT] WARNING: Couldn't flush system prefs: java.util.prefs.BackingStoreException: Couldn't get file lock.
2026-05-23 15:26:26,758 [ERROR] LogOutputStream:75 - [STDERR_REDIRECT] 
2026-05-23 15:26:56,755 [ERROR] LogOutputStream:75 - [STDERR_REDIRECT] May 23, 2026 3:26:56 PM java.util.prefs.FileSystemPreferences checkLockFile0ErrorCode
2026-05-23 15:26:56,755 [ERROR] LogOutputStream:75 - [STDERR_REDIRECT] WARNING: Could not lock System prefs. Unix error code 2.
2026-05-23 15:26:56,755 [ERROR] LogOutputStream:75 - [STDERR_REDIRECT] 
2026-05-23 15:26:56,755 [ERROR] LogOutputStream:75 - [STDERR_REDIRECT] May 23, 2026 3:26:56 PM java.util.prefs.FileSystemPreferences syncWorld
2026-05-23 15:26:56,755 [ERROR] LogOutputStream:75 - [STDERR_REDIRECT] WARNING: Couldn't flush system prefs: java.util.prefs.BackingStoreException: Couldn't get file lock.
2026-05-23 15:26:56,756 [ERROR] LogOutputStream:75 - [STDERR_REDIRECT] 
2026-05-23 15:27:26,755 [ERROR] LogOutputStream:75 - [STDERR_REDIRECT] May 23, 2026 3:27:26 PM java.util.prefs.FileSystemPreferences checkLockFile0ErrorCode
2026-05-23 15:27:26,756 [ERROR] LogOutputStream:75 - [STDERR_REDIRECT] WARNING: Could not lock System prefs. Unix error code 2.
2026-05-23 15:27:26,756 [ERROR] LogOutputStream:75 - [STDERR_REDIRECT] 
2026-05-23 15:27:26,756 [ERROR] LogOutputStream:75 - [STDERR_REDIRECT] May 23, 2026 3:27:26 PM java.util.prefs.FileSystemPreferences syncWorld
2026-05-23 15:27:26,756 [ERROR] LogOutputStream:75 - [STDERR_REDIRECT] WARNING: Couldn't flush system prefs: java.util.prefs.BackingStoreException: Couldn't get file lock.
2026-05-23 15:27:26,757 [ERROR] LogOutputStream:75 - [STDERR_REDIRECT] 
2026-05-23 15:27:56,755 [ERROR] LogOutputStream:75 - [STDERR_REDIRECT] May 23, 2026 3:27:56 PM java.util.prefs.FileSystemPreferences checkLockFile0ErrorCode
2026-05-23 15:27:56,755 [ERROR] LogOutputStream:75 - [STDERR_REDIRECT] WARNING: Could not lock System prefs. Unix error code 2.
2026-05-23 15:27:56,755 [ERROR] LogOutputStream:75 - [STDERR_REDIRECT] 
2026-05-23 15:27:56,755 [ERROR] LogOutputStream:75 - [STDERR_REDIRECT] May 23, 2026 3:27:56 PM java.util.prefs.FileSystemPreferences syncWorld
2026-05-23 15:27:56,755 [ERROR] LogOutputStream:75 - [STDERR_REDIRECT] WARNING: Couldn't flush system prefs: java.util.prefs.BackingStoreException: Couldn't get file lock.
2026-05-23 15:27:56,756 [ERROR] LogOutputStream:75 - [STDERR_REDIRECT] 
2026-05-23 15:28:26,754 [ERROR] LogOutputStream:75 - [STDERR_REDIRECT] May 23, 2026 3:28:26 PM java.util.prefs.FileSystemPreferences checkLockFile0ErrorCode
2026-05-23 15:28:26,755 [ERROR] LogOutputStream:75 - [STDERR_REDIRECT] WARNING: Could not lock System prefs. Unix error code 2.
2026-05-23 15:28:26,755 [ERROR] LogOutputStream:75 - [STDERR_REDIRECT] 
2026-05-23 15:28:26,755 [ERROR] LogOutputStream:75 - [STDERR_REDIRECT] May 23, 2026 3:28:26 PM java.util.prefs.FileSystemPreferences syncWorld
2026-05-23 15:28:26,755 [ERROR] LogOutputStream:75 - [STDERR_REDIRECT] WARNING: Couldn't flush system prefs: java.util.prefs.BackingStoreException: Couldn't get file lock.
2026-05-23 15:28:26,755 [ERROR] LogOutputStream:75 - [STDERR_REDIRECT] 
