20:02:12 **** Incremental Build of configuration Debug for project sotri-tp1_03-application ****
make -j6 all 
arm-none-eabi-size  sotri-tp1_03-application.elf 
   text	   data	    bss	    dec	    hex	filename
  25144	    180	  18716	  44040	   ac08	sotri-tp1_03-application.elf
Finished building: default.size.stdout
 
20:02:17 **** Incremental Build of configuration Debug for project sotri-tp1_03-application ****
make -j6 all 
arm-none-eabi-size  sotri-tp1_03-application.elf 
   text	   data	    bss	    dec	    hex	filename
  25144	    180	  18716	  44040	   ac08	sotri-tp1_03-application.elf
Finished building: default.size.stdout
 
20:05:18 **** Incremental Build of configuration Debug for project sotri-tp1_03-application ****
make -j6 all 
arm-none-eabi-size  sotri-tp1_03-application.elf 
   text	   data	    bss	    dec	    hex	filename
  25144	    180	  18716	  44040	   ac08	sotri-tp1_03-application.elf
Finished building: default.size.stdout
 
