23:13:17 **** Incremental Build of configuration Debug for project sotri-tp3_03-application ****
make -j6 all 
arm-none-eabi-gcc "../app/src/task_test.c" -mcpu=cortex-m4 -std=gnu11 -g3 -DDEBUG -DUSE_HAL_DRIVER -DSTM32F446xx -c -I../Core/Inc -I../Drivers/STM32F4xx_HAL_Driver/Inc -I../Drivers/STM32F4xx_HAL_Driver/Inc/Legacy -I../Drivers/CMSIS/Device/ST/STM32F4xx/Include -I../Drivers/CMSIS/Include -I../Middlewares/Third_Party/FreeRTOS/Source/include -I../Middlewares/Third_Party/FreeRTOS/Source/CMSIS_RTOS -I../Middlewares/Third_Party/FreeRTOS/Source/portable/GCC/ARM_CM4F -I../app/inc -O0 -ffunction-sections -fdata-sections -Wall -fstack-usage -fcyclomatic-complexity -MMD -MP -MF"app/src/task_test.d" -MT"app/src/task_test.o" --specs=nano.specs -mfpu=fpv4-sp-d16 -mfloat-abi=hard -mthumb -o "app/src/task_test.o"
arm-none-eabi-gcc -o "sotri-tp3_03-application.elf" @"objects.list"  -lrdimon -mcpu=cortex-m4 -T"C:\Users\Mauro\Desktop\CESE\Bimestre 2\RTOS I\sotri-2026-1erC_1-05\TP3\sotri-tp3_03-application\STM32F446RETX_FLASH.ld" --specs=nosys.specs -Wl,-Map="sotri-tp3_03-application.map" -Wl,--gc-sections -static -specs=rdimon.specs --specs=nano.specs -mfpu=fpv4-sp-d16 -mfloat-abi=hard -mthumb -Wl,--start-group -lc -lm -Wl,--end-group
Finished building target: sotri-tp3_03-application.elf
 
arm-none-eabi-size  sotri-tp3_03-application.elf 
arm-none-eabi-objdump -h -S sotri-tp3_03-application.elf  > "sotri-tp3_03-application.list"
   text	   data	    bss	    dec	    hex	filename
  31236	    160	  18848	  50244	   c444	sotri-tp3_03-application.elf
Finished building: default.size.stdout
 
Finished building: sotri-tp3_03-application.list
 

23:13:19 Build Finished. 0 errors, 0 warnings. (took 2s.53ms)

